// Jest Snapshot v1, https://goo.gl/fbAQLP

exports[`Checkbox should render checked 1`] = `
<div class="mdc-form-field">
  <div class="mdc-checkbox checked">
    <input checked="" class="mdc-checkbox__native-control" id="test" ref="input" type="checkbox">
    <div class="mdc-checkbox__background">
      <svg class="mdc-checkbox__checkmark" viewBox="0 0 24 24">
        <path class="mdc-checkbox__checkmark__path" fill="none" stroke="white" d="M1.73,12.91 8.1,19.28 22.79,4.59"></path>
      </svg>
      <div class="mdc-checkbox__mixedmark"></div>
    </div>
  </div>
</div>
`;
