// Jest Snapshot v1, https://goo.gl/fbAQLP

exports[`CircularProgressBar should render with 25% 1`] = `
<svg width="24" height="24" viewport="0 0 50 50" version="1.1" xmlns="http://www.w3.org/2000/svg">
  <circle class="progress-indicator progress-circle" cx="12" cy="12" fill="none" r="6" stroke-dasharray="37.70" stroke-dashoffset="0" stroke-width="4"></circle>
  <circle class="progress-indicator background-circle" cx="12" cy="12" fill="none" r="6" stroke-dasharray="37.70" stroke-dashoffset="-25" stroke-width="4"></circle>
</svg>
`;
