// Jest Snapshot v1, https://goo.gl/fbAQLP

exports[`Icon should render material-icon 1`] = `<i class="icon-root pario-icon lexicon-icon material-icons">add</i>`;
