// Jest Snapshot v1, https://goo.gl/fbAQLP

exports[`MaterialDrawer should render 1`] = `
<nav class="mdc-permanent-drawer mdc-typography">
  <div class="mdc-permanent-drawer__content">
    <div class="mdc-persistent-drawer__toolbar-spacer"></div>
    <nav id="icon-with-text-demo" class="mdc-list">
      <a class="mdc-list-item mdc-permanent-drawer--selected" href="javascript:;">
        <i class="material-icons mdc-list-item__start-detail" aria-hidden="true">dashboard</i>Dashboard</a>
      <a class="mdc-list-item" href="javascript:;">
        <i class="material-icons mdc-list-item__start-detail" aria-hidden="true">settings</i>Settings</a>
    </nav>
  </div>
  <div class="mdc-permanent-drawer__toolbar-spacer"></div>
</nav>
`;
