// Jest Snapshot v1, https://goo.gl/fbAQLP

exports[`MaterialChip should render 1`] = `
<span class="mdl-chip">
  <span class="mdl-chip__text">test</span>
</span>
`;
