// Jest Snapshot v1, https://goo.gl/fbAQLP

exports[`RadioButton should render 1`] = `
<div class="mdc-form-field">
  <div class="mdc-radio">
    <input class="mdc-radio__native-control" id="foo" name="bar" type="radio">
    <div class="mdc-radio__background">
      <div class="mdc-radio__outer-circle"></div>
      <div class="mdc-radio__inner-circle"></div>
    </div>
  </div>
</div>
`;
