// Jest Snapshot v1, https://goo.gl/fbAQLP

exports[`Snackbar should render checked 1`] = `
<div aria-live="assertive" aria-atomic="true" aria-hidden="true" class="mdc-snackbar mdc-snackbar--align-start" ref="mdcSnackbar">
  <div class="mdc-snackbar__text"></div>
  <div class="mdc-snackbar__action-wrapper">
    <button type="button" class="mdc-snackbar__action-button" aria-hidden="false"></button>
  </div>
</div>
`;
